1
2
3
4
5
6
John says Good day.
One
Phil says Hello!
Four
