table 0x006061b0
one
two
three
----
table 0x006063c0
node
body
