1
/home/weachockj/rain/commandlineargs
$RAIN_TEST = testing
