3
4
4
3
3
4
3.000000
4.000000
3
null
null
333
3
3
3.500000
3.500000
