wrap(40)
wrap(8)
wrap(48)
wrap(320)
wrap(5)
wrap(32)
