keys from a:
0
1
2
3
values from a:
10
11
12
13
doubled values from a:
20
22
24
26
key/values from b:
0 = 20
1 = 22
2 = 24
3 = 26
