uncallable value
uncallable value
no args
argument mismatch
one arg
argument mismatch
two args
argument mismatch
