s.meth
----
a.meth
s.meth
----
b.meth
s.meth
----
c.meth
b.meth
a.meth
s.meth
