module local
module export
local
local nest
exported
exported nest
