Initialization
Anonymous block
Clean up
Initialization
Anonymous block: One
Anonymous block: Two
Clean up
Initialization
Anonymous block: One + 1
Anonymous block: Two + 2
Clean up
